// Jest Snapshot v1, https://goo.gl/fbAQLP

exports[`useNormalizeOpportunities returns transformed array of active opportunities sorted by cryptoAmount when there are active staking opportunities 1`] = `
Array [
  Object {
    "apy": "0.0216539429",
    "assetId": "eip155:1/erc20:0x3fe7940616e5bc47b0775a0dccf6237893353bb4",
    "chainId": "eip155:1",
    "contractAddress": "0x3fe7940616e5bc47b0775a0dccf6237893353bb4",
    "cryptoAmountBaseUnit": "0",
    "cryptoAmountPrecision": "0",
    "fiatAmount": "0",
    "icons": Array [
      "https://rawcdn.githack.com/trustwallet/assets/master/blockchains/ethereum/assets/0x6B175474E89094C44Da98b954EedeAC495271d0F/logo.png",
    ],
    "id": "eip155:1/erc20:0x3fe7940616e5bc47b0775a0dccf6237893353bb4",
    "isLoaded": true,
    "name": "DAI Vault",
    "opportunityName": "DAI Vault",
    "provider": "idle",
    "rewardAssetIds": Array [
      "eip155:1/erc20:0xc00e94cb662c3520282e6f5717214004a7f26888",
      "eip155:1/erc20:0x4da27a545c0c5b758a6ba100e3a049001de870f5",
      "eip155:1/erc20:0x875773784af8135ea0ef43b5a374aad105c5d39e",
    ],
    "rewardsAmountsCryptoBaseUnit": Array [],
    "stakedAmountCryptoBaseUnit": "0",
    "tags": Array [
      "Best Yield",
    ],
    "tvl": "11029517.27155224",
    "type": "staking",
    "undelegations": Array [],
    "underlyingAssetId": "eip155:1/erc20:0x3fe7940616e5bc47b0775a0dccf6237893353bb4",
    "underlyingAssetIds": Array [
      "eip155:1/erc20:0x6b175474e89094c44da98b954eedeac495271d0f",
    ],
    "underlyingAssetRatiosBaseUnit": Array [
      "1000000000000000000",
    ],
    "version": "Best Yield",
  },
  Object {
    "apy": "0.1923703308",
    "assetId": "cosmos:cosmoshub-4/slip44:118",
    "chainId": "cosmos:cosmoshub-4",
    "contractAddress": "cosmosvaloper199mlc7fr6ll5t54w7tts7f4s0cvnqgc59nmuxf",
    "cryptoAmountBaseUnit": "327529",
    "cryptoAmountPrecision": "0.327529",
    "fiatAmount": "4.7491705",
    "icons": Array [
      "https://assets.coincap.io/assets/icons/256/atom.png",
    ],
    "id": "cosmos:cosmoshub-4:cosmosvaloper199mlc7fr6ll5t54w7tts7f4s0cvnqgc59nmuxf",
    "isLoaded": true,
    "name": "ShapeShift DAO",
    "opportunityName": "ShapeShift DAO",
    "provider": "Cosmos",
    "rewardAddress": "",
    "rewardsAmountsCryptoBaseUnit": Array [
      "101.984204375848955033",
    ],
    "stakedAmountCryptoBaseUnit": "327529",
    "tvl": "18111387.072358",
    "type": "staking",
    "undelegations": Array [
      Object {
        "completionTime": 1677250771,
        "undelegationAmountCryptoBaseUnit": "115377",
      },
      Object {
        "completionTime": 1677251148,
        "undelegationAmountCryptoBaseUnit": "86533",
      },
    ],
    "underlyingAssetId": "cosmos:cosmoshub-4/slip44:118",
    "underlyingAssetIds": Array [
      "cosmos:cosmoshub-4/slip44:118",
    ],
    "underlyingAssetRatiosBaseUnit": Array [
      "1000000",
    ],
  },
  Object {
    "apy": "0.07884923130674588",
    "assetId": "bip122:00000000001a91e3dace36e2be3bf030/slip44:3",
    "chainId": "bip122:00000000001a91e3dace36e2be3bf030",
    "cryptoAmountBaseUnit": "8502227396",
    "cryptoAmountPrecision": "85.02227396",
    "fiatAmount": "7.81286679873232",
    "icons": Array [
      "https://assets.coincap.io/assets/icons/256/doge.png",
    ],
    "id": "bip122:00000000001a91e3dace36e2be3bf030/slip44:3",
    "isFull": false,
    "isLoaded": true,
    "name": "DOGE Vault",
    "opportunityName": "DOGE Vault",
    "provider": "THORChain Savers",
    "rewardAddress": "",
    "rewardAssetIds": Array [
      "bip122:00000000001a91e3dace36e2be3bf030/slip44:3",
    ],
    "rewardsAmountsCryptoBaseUnit": Array [
      "19964399",
    ],
    "saversMaxSupplyFiat": "837390.43874829828352",
    "stakedAmountCryptoBaseUnit": "8502227396",
    "tvl": "208398.03859203277176",
    "type": "staking",
    "underlyingAssetId": "bip122:00000000001a91e3dace36e2be3bf030/slip44:3",
    "underlyingAssetIds": Array [
      "bip122:00000000001a91e3dace36e2be3bf030/slip44:3",
    ],
    "underlyingAssetRatiosBaseUnit": Array [
      "100000000",
    ],
  },
  Object {
    "apy": "0.003948",
    "assetId": "eip155:1/erc20:0x470e8de2ebaef52014a47cb5e6af86884947f08c",
    "chainId": "eip155:1",
    "cryptoAmountBaseUnit": "329271464436732392",
    "cryptoAmountPrecision": "0.329271464436732392",
    "fiatAmount": "5.91575912067898973641",
    "icons": Array [
      "https://assets.coincap.io/assets/icons/256/eth.png",
      "https://assets.coincap.io/assets/icons/256/fox.png",
    ],
    "id": "eip155:1/erc20:0x470e8de2ebaef52014a47cb5e6af86884947f08c",
    "isLoaded": true,
    "name": "ETH/FOX Pool",
    "opportunityName": "ETH/FOX Pool",
    "provider": "ShapeShift Farming",
    "rewardAddress": "",
    "tvl": "4437320.40165431781035869548",
    "type": "lp",
    "underlyingAssetId": "eip155:1/erc20:0x470e8de2ebaef52014a47cb5e6af86884947f08c",
    "underlyingAssetIds": Array [
      "eip155:1/slip44:60",
      "eip155:1/erc20:0xc770eefad204b5180df6a14ee197d99d808ee52d",
    ],
    "underlyingAssetRatiosBaseUnit": Array [
      "5468931761814600",
      "238702852045389452166",
    ],
    "underlyingToken0AmountCryptoBaseUnit": "1800763170117252.288596",
    "underlyingToken1AmountCryptoBaseUnit": "78598037658210046915.861819",
  },
]
`;

exports[`useNormalizeOpportunities returns transformed array of staking opportunities when there is no active staking opportunity 1`] = `Array []`;
