// Jest Snapshot v1, https://goo.gl/fbAQLP

exports[`validatorDataSlice reducers clear clears state back to initial state 1`] = `undefined`;

exports[`validatorDataSlice reducers clear clears state back to initial state 2`] = `Object {}`;

exports[`validatorDataSlice reducers upsertValidatorData updates or inserts validator data in state 1`] = `Object {}`;
